******************************************************************************
                  TI ARM Linker Unix v18.1.1                   
******************************************************************************
>> Linked Tue May 15 23:22:06 2018

OUTPUT FILE NAME:   <GSM System.out>
ENTRY POINT SYMBOL: "_c_int00_noargs"  address: 00000d7d


MEMORY CONFIGURATION

         name            origin    length      used     unused   attr    fill
----------------------  --------  ---------  --------  --------  ----  --------
  FLASH                 00000000   00040000  00001212  0003edee  R  X
  SRAM                  20000000   00008000  00000209  00007df7  RW X


SEGMENT ALLOCATION MAP

run origin  load origin   length   init length attrs members
----------  ----------- ---------- ----------- ----- -------
00000000    00000000    00001218   00001218    r-x
  00000000    00000000    0000026c   0000026c    r-- .intvecs
  0000026c    0000026c    00000c62   00000c62    r-x .text
  00000ed0    00000ed0    00000314   00000314    r-- .const
  000011e8    000011e8    00000030   00000030    r-- .cinit
20000000    20000000    0000020c   00000000    rw-
  20000000    20000000    00000200   00000000    rw- .stack
  20000200    20000200    00000005   00000000    rw- .data
  20000208    20000208    00000004   00000000    rw- .bss


SECTION ALLOCATION MAP

 output                                  attributes/
section   page    origin      length       input sections
--------  ----  ----------  ----------   ----------------
.intvecs   0    00000000    0000026c     
                  00000000    0000026c     tm4c123gh6pm_startup_ccs.obj (.intvecs)

.text      0    0000026c    00000c62     
                  0000026c    0000049c     uartstdio.obj (.text)
                  00000708    00000200     driverlib.lib : sysctl.obj (.text:SysCtlClockFreqSet)
                  00000908    00000132                   : gpio.obj (.text:GPIOPadConfigSet)
                  00000a3a    00000002     rtsv7M4_T_le_v4SPD16_eabi.lib : div0.asm.obj (.text)
                  00000a3c    000000a8     main.obj (.text)
                  00000ae4    0000009c     rtsv7M4_T_le_v4SPD16_eabi.lib : memcpy_t2.asm.obj (.text)
                  00000b80    00000068                                   : copy_decompress_lzss.c.obj (.text:decompress:lzss:__TI_decompress_lzss)
                  00000be8    00000048     driverlib.lib : gpio.obj (.text:GPIOPinConfigure)
                  00000c30    00000048                   : sysctl.obj (.text:_SysCtlFrequencyGet)
                  00000c78    00000046                   : uart.obj (.text:UARTConfigSetExpClk)
                  00000cbe    00000002     --HOLE-- [fill = 0]
                  00000cc0    00000044     rtsv7M4_T_le_v4SPD16_eabi.lib : autoinit.c.obj (.text:__TI_auto_init_nobinit_nopinit:__TI_auto_init_nobinit_nopinit)
                  00000d04    00000040                                   : u_divt2.asm.obj (.text)
                  00000d44    00000038     driverlib.lib : sysctl.obj (.text:SysCtlPeripheralPresent)
                  00000d7c    00000038     rtsv7M4_T_le_v4SPD16_eabi.lib : boot_cortex_m.c.obj (.text:_c_int00_noargs:_c_int00_noargs)
                  00000db4    00000034     driverlib.lib : sysctl.obj (.text:SysCtlPeripheralEnable)
                  00000de8    0000002a                   : gpio.obj (.text:GPIODirModeSet)
                  00000e12    00000002     --HOLE-- [fill = 0]
                  00000e14    00000020                   : uart.obj (.text:UARTDisable)
                  00000e34    00000020                   : sysctl.obj (.text:_SysCtlMemTimingGet)
                  00000e54    00000014                   : uart.obj (.text:UARTEnable)
                  00000e68    00000012                   : gpio.obj (.text:GPIOPinTypeUART)
                  00000e7a    00000012     rtsv7M4_T_le_v4SPD16_eabi.lib : copy_zero_init.c.obj (.text:decompress:ZI:__TI_zero_init_nomemset:__TI_zero_init_nomemset)
                  00000e8c    0000000e                                   : copy_decompress_none.c.obj (.text:decompress:none:__TI_decompress_none)
                  00000e9a    0000000c     tm4c123gh6pm_startup_ccs.obj (.text)
                  00000ea6    0000000a     driverlib.lib : uart.obj (.text:UARTCharGet)
                  00000eb0    0000000a                   : uart.obj (.text:UARTCharPut)
                  00000eba    00000006                   : sysctl.obj (.text:SysCtlDelay)
                  00000ec0    00000006                   : uart.obj (.text:UARTClockSourceSet)
                  00000ec6    00000004     rtsv7M4_T_le_v4SPD16_eabi.lib : pre_init.c.obj (.text:_system_pre_init)
                  00000eca    00000004                                   : exit.c.obj (.text:abort:abort)

.const     0    00000ed0    00000314     
                  00000ed0    000001b0     driverlib.lib : sysctl.obj (.const:g_pppui32XTALtoVCO)
                  00001080    00000090                   : gpio.obj (.const:g_pui32GPIOBaseAddrs)
                  00001110    0000006c                   : sysctl.obj (.const:g_pui32Xtals)
                  0000117c    00000030                   : sysctl.obj (.const:g_sXTALtoMEMTIM)
                  000011ac    00000012     uartstdio.obj (.const:.string)
                  000011be    00000002     --HOLE-- [fill = 0]
                  000011c0    0000000c     uartstdio.obj (.const:g_ui32UARTBase)
                  000011cc    0000000c     uartstdio.obj (.const:g_ui32UARTPeriph)
                  000011d8    00000008     driverlib.lib : sysctl.obj (.const)
                  000011e0    00000004     uartstdio.obj (.const)

.cinit     0    000011e8    00000030     
                  000011e8    0000000c     (__TI_handler_table)
                  000011f4    00000004     --HOLE-- [fill = 0]
                  000011f8    00000008     (.cinit..bss.load) [load image, compression = zero_init]
                  00001200    00000007     (.cinit..data.load) [load image, compression = lzss]
                  00001207    00000001     --HOLE-- [fill = 0]
                  00001208    00000010     (__TI_cinit_table)

.init_array 
*          0    00000000    00000000     UNINITIALIZED

.data      0    20000200    00000005     UNINITIALIZED
                  20000200    00000005     uartstdio.obj (.data)

.bss       0    20000208    00000004     UNINITIALIZED
                  20000208    00000004     (.common:ui32SysClkFreq)

.stack     0    20000000    00000200     UNINITIALIZED
                  20000000    00000004     rtsv7M4_T_le_v4SPD16_eabi.lib : boot_cortex_m.c.obj (.stack)
                  20000004    000001fc     --HOLE--

MODULE SUMMARY

       Module                         code   ro data   rw data
       ------                         ----   -------   -------
    ./
       tm4c123gh6pm_startup_ccs.obj   12     620       0      
       main.obj                       168    0         4      
    +--+------------------------------+------+---------+---------+
       Total:                         180    620       4      
                                                              
    ./include/
       uartstdio.obj                  1180   46        5      
    +--+------------------------------+------+---------+---------+
       Total:                         1180   46        5      
                                                              
    ../driverlib.lib
       sysctl.obj                     730    596       0      
       gpio.obj                       438    144       0      
       uart.obj                       148    0         0      
    +--+------------------------------+------+---------+---------+
       Total:                         1316   740       0      
                                                              
    /home/anonymous/ti/ccsv7/tools/compiler/ti-cgt-arm_18.1.1.LTS/lib/rtsv7M4_T_le_v4SPD16_eabi.lib
       memcpy_t2.asm.obj              156    0         0      
       copy_decompress_lzss.c.obj     104    0         0      
       autoinit.c.obj                 68     0         0      
       u_divt2.asm.obj                64     0         0      
       boot_cortex_m.c.obj            56     0         0      
       copy_zero_init.c.obj           18     0         0      
       copy_decompress_none.c.obj     14     0         0      
       exit.c.obj                     4      0         0      
       pre_init.c.obj                 4      0         0      
       div0.asm.obj                   2      0         0      
    +--+------------------------------+------+---------+---------+
       Total:                         490    0         0      
                                                              
       Stack:                         0      0         512    
       Linker Generated:              0      43        0      
    +--+------------------------------+------+---------+---------+
       Grand Total:                   3166   1449      521    


LINKER GENERATED COPY TABLES

__TI_cinit_table @ 00001208 records: 2, size/record: 8, table size: 16
	.bss: load addr=000011f8, load size=00000008 bytes, run addr=20000208, run size=00000004 bytes, compression=zero_init
	.data: load addr=00001200, load size=00000007 bytes, run addr=20000200, run size=00000005 bytes, compression=lzss


LINKER GENERATED HANDLER TABLE

__TI_handler_table @ 000011e8 records: 3, size/record: 4, table size: 12
	index: 0, handler: __TI_decompress_lzss
	index: 1, handler: __TI_decompress_none
	index: 2, handler: __TI_zero_init


GLOBAL SYMBOLS: SORTED ALPHABETICALLY BY Name 

address   name                          
-------   ----                          
00000ecb  C$$EXIT                       
00000de9  GPIODirModeSet                
00000909  GPIOPadConfigSet              
00000be9  GPIOPinConfigure              
00000e69  GPIOPinTypeUART               
00000a4d  InitConsole                   
00000e9b  ResetISR                      
00000709  SysCtlClockFreqSet            
00000ebb  SysCtlDelay                   
00000db5  SysCtlPeripheralEnable        
00000d45  SysCtlPeripheralPresent       
00000ea7  UARTCharGet                   
00000eb1  UARTCharPut                   
00000ec1  UARTClockSourceSet            
00000c79  UARTConfigSetExpClk           
00000e15  UARTDisable                   
00000e55  UARTEnable                    
0000026d  UARTStdioConfig               
000003b3  UARTgetc                      
000002f9  UARTgets                      
000006d3  UARTprintf                    
000003d9  UARTvprintf                   
000002b3  UARTwrite                     
20000200  __STACK_END                   
00000200  __STACK_SIZE                  
20000200  __STACK_TOP                   
00001208  __TI_CINIT_Base               
00001218  __TI_CINIT_Limit              
000011e8  __TI_Handler_Table_Base       
000011f4  __TI_Handler_Table_Limit      
00000cc1  __TI_auto_init_nobinit_nopinit
00000b81  __TI_decompress_lzss          
00000e8d  __TI_decompress_none          
ffffffff  __TI_pprof_out_hndl           
ffffffff  __TI_prof_data_size           
ffffffff  __TI_prof_data_start          
00000000  __TI_static_base__            
00000e7b  __TI_zero_init_nomemset       
00000a3b  __aeabi_idiv0                 
00000a3b  __aeabi_ldiv0                 
00000ae5  __aeabi_memcpy                
00000ae5  __aeabi_memcpy4               
00000ae5  __aeabi_memcpy8               
00000d05  __aeabi_uidiv                 
00000d05  __aeabi_uidivmod              
ffffffff  __binit__                     
ffffffff  __c_args__                    
UNDEFED   __mpu_init                    
20000000  __stack                       
00000d7d  _c_int00_noargs               
UNDEFED   _system_post_cinit            
00000ec7  _system_pre_init              
00000ecb  abort                         
ffffffff  binit                         
00000000  g_pfnVectors                  
00000a89  main                          
00000ae5  memcpy                        
00000a3d  systemInit                    
20000208  ui32SysClkFreq                


GLOBAL SYMBOLS: SORTED BY Symbol Address 

address   name                          
-------   ----                          
00000000  __TI_static_base__            
00000000  g_pfnVectors                  
00000200  __STACK_SIZE                  
0000026d  UARTStdioConfig               
000002b3  UARTwrite                     
000002f9  UARTgets                      
000003b3  UARTgetc                      
000003d9  UARTvprintf                   
000006d3  UARTprintf                    
00000709  SysCtlClockFreqSet            
00000909  GPIOPadConfigSet              
00000a3b  __aeabi_idiv0                 
00000a3b  __aeabi_ldiv0                 
00000a3d  systemInit                    
00000a4d  InitConsole                   
00000a89  main                          
00000ae5  __aeabi_memcpy                
00000ae5  __aeabi_memcpy4               
00000ae5  __aeabi_memcpy8               
00000ae5  memcpy                        
00000b81  __TI_decompress_lzss          
00000be9  GPIOPinConfigure              
00000c79  UARTConfigSetExpClk           
00000cc1  __TI_auto_init_nobinit_nopinit
00000d05  __aeabi_uidiv                 
00000d05  __aeabi_uidivmod              
00000d45  SysCtlPeripheralPresent       
00000d7d  _c_int00_noargs               
00000db5  SysCtlPeripheralEnable        
00000de9  GPIODirModeSet                
00000e15  UARTDisable                   
00000e55  UARTEnable                    
00000e69  GPIOPinTypeUART               
00000e7b  __TI_zero_init_nomemset       
00000e8d  __TI_decompress_none          
00000e9b  ResetISR                      
00000ea7  UARTCharGet                   
00000eb1  UARTCharPut                   
00000ebb  SysCtlDelay                   
00000ec1  UARTClockSourceSet            
00000ec7  _system_pre_init              
00000ecb  C$$EXIT                       
00000ecb  abort                         
000011e8  __TI_Handler_Table_Base       
000011f4  __TI_Handler_Table_Limit      
00001208  __TI_CINIT_Base               
00001218  __TI_CINIT_Limit              
20000000  __stack                       
20000200  __STACK_END                   
20000200  __STACK_TOP                   
20000208  ui32SysClkFreq                
ffffffff  __TI_pprof_out_hndl           
ffffffff  __TI_prof_data_size           
ffffffff  __TI_prof_data_start          
ffffffff  __binit__                     
ffffffff  __c_args__                    
ffffffff  binit                         
UNDEFED   __mpu_init                    
UNDEFED   _system_post_cinit            

[59 symbols]
